// Jest Snapshot v1, https://goo.gl/fbAQLP

exports[`TextInput Component renders the UI as expected 1`] = `
<div
  className="input"
>
  <label>
    Label
  </label>
  <input
    id="defaultInput"
    placeholder=""
    type="text"
  />
</div>
`;
